C51 COMPILER V9.00   LCDIO                                                                 09/21/2014 16:12:55 PAGE 1   


C51 COMPILER V9.00, COMPILATION OF MODULE LCDIO
OBJECT MODULE PLACED IN lcdio.OBJ
COMPILER INVOKED BY: C:\Keil\C51\BIN\C51.EXE lcdio.c BROWSE DEBUG OBJECTEXTEND

line level    source

   1          #include <STC12C5A.h>
   2          #include<intrins.h>
   3          #define uint unsigned int
   4          #define uchar unsigned char
   5          
   6          sbit DAT=P2^6;
   7          sbit CLK=P5^1;
   8          sbit LE=P2^1;
   9          
  10          //sbit DAT=P3^0;
  11          //sbit CLK=P3^1;
  12          //sbit LE=P3^2;
  13          
  14          /******************************发送一字节数据*************************************
  15          *          
  16          **********************************************************************************/
  17          void sendbyte(uchar a)
  18          {
  19   1              uchar c;
  20   1              LE=0;
  21   1              //delay(1);
  22   1              for(c=0;c<8;c++)
  23   1              {
  24   2                      a=_crol_(a,1);
  25   2                      CLK=0;
  26   2                      DAT=a&0x01;
  27   2                      CLK=1;
  28   2              }                                   
  29   1              LE=1;
  30   1              //delay(1);
  31   1              LE=0;
  32   1      }
  33          


MODULE INFORMATION:   STATIC OVERLAYABLE
   CODE SIZE        =     30    ----
   CONSTANT SIZE    =   ----    ----
   XDATA SIZE       =   ----    ----
   PDATA SIZE       =   ----    ----
   DATA SIZE        =   ----    ----
   IDATA SIZE       =   ----    ----
   BIT SIZE         =   ----    ----
END OF MODULE INFORMATION.


C51 COMPILATION COMPLETE.  0 WARNING(S),  0 ERROR(S)
