C51 COMPILER V9.00   MAIN                                                                  09/21/2014 16:12:55 PAGE 1   


C51 COMPILER V9.00, COMPILATION OF MODULE MAIN
OBJECT MODULE PLACED IN main.OBJ
COMPILER INVOKED BY: C:\Keil\C51\BIN\C51.EXE main.c BROWSE DEBUG OBJECTEXTEND

line level    source

   1          /**************************************************************************** 
   2          *       File: LCM240320.c
   3          *       Description: LCD display
   4          *       Created Date: 2011-7-26
   5          *       Last Modified: 2011-7-26
   6          *       Author: linda
   7          *       Notes: None
   8          *****************************************************************************/
   9          //#include <reg52.h>
  10          #include <STC12C5A.h>
  11          #include <absacc.h>
  12          #include <intrins.h>
  13          #include <math.h>
  14          #include <string.h>
  15          
  16          #define uint unsigned int
  17          #define uchar unsigned char
  18          sbit    LED=P5^3;
  19          void WriteCommand(uchar Command);
  20          void WriteData(uchar DData);
  21          
  22          uchar code numb[ ]=             {0x00,0x00,0x00,0x00,0x00,0x00,0x07,0x0F,0x1C,0x38,0x38,0x38,0x70,0x70,0x70,0x70,
  23                                   0x70,0x70,0x70,0x70,0x70,0x38,0x38,0x18,0x1C,0x0F,0x07,0x00,0x00,0x00,0x00,0x00,
  24                                                           0x00,0x00,0x00,0x00,0x00,0x00,0xE0,0xF0,0x38,0x1C,0x1C,0x1C,0x0E,0x0E,0x0E,0x0E,
  25                                                           0x0E,0x0E,0x0E,0x0E,0x0E,0x1C,0x1C,0x1C,0x38,0xF0,0xE0,0x00,0x00,0x00,0x00,0x00,/*"0",0*//* (16 X 3
             -2 , 黑体 )*/
  26          
  27                                   0x00,0x00,0x00,0x00,0x00,0x00,0x00,0x00,0x01,0x03,0x1F,0x1F,0x01,0x01,0x01,0x01,
  28                                                           0x01,0x01,0x01,0x01,0x01,0x01,0x01,0x01,0x01,0x01,0x01,0x00,0x00,0x00,0x00,0x00,
  29                                                           0x00,0x00,0x00,0x00,0x00,0x00,0xC0,0xC0,0xC0,0xC0,0xC0,0xC0,0xC0,0xC0,0xC0,0xC0,
  30                                                           0xC0,0xC0,0xC0,0xC0,0xC0,0xC0,0xC0,0xC0,0xC0,0xC0,0xC0,0x00,0x00,0x00,0x00,0x00,/*"1",0*//* (16 X 3
             -2 , 黑体 )*/
  31          
  32                                   0x00,0x00,0x00,0x00,0x00,0x00,0x03,0x07,0x0E,0x0E,0x1C,0x1C,0x1C,0x1C,0x00,0x00,
  33                                                           0x00,0x00,0x01,0x03,0x07,0x0E,0x1E,0x1C,0x38,0x3F,0x3F,0x00,0x00,0x00,0x00,0x00,
  34                                                           0x00,0x00,0x00,0x00,0x00,0x00,0xE0,0xF0,0x38,0x1C,0x1C,0x1C,0x1C,0x1C,0x3C,0x38,
  35                                                           0x70,0xE0,0xC0,0x80,0x00,0x00,0x00,0x00,0x00,0xFC,0xFC,0x00,0x00,0x00,0x00,0x00,/*"2",0*//* (16 X 3
             -2 , 黑体 )*/
  36          
  37                                   0x00,0x00,0x00,0x00,0x00,0x00,0x07,0x0F,0x1C,0x1C,0x38,0x38,0x00,0x00,0x00,0x01,
  38                                                           0x01,0x00,0x00,0x00,0x70,0x70,0x70,0x38,0x3C,0x1F,0x07,0x00,0x00,0x00,0x00,0x00,
  39                                                           0x00,0x00,0x00,0x00,0x00,0x00,0xC0,0xF0,0x70,0x38,0x38,0x38,0x38,0x38,0x70,0xE0,
  40                                                           0xF0,0x78,0x3C,0x1C,0x1C,0x1C,0x1C,0x3C,0x38,0xF0,0xC0,0x00,0x00,0x00,0x00,0x00,/*"3",0*//* (16 X 3
             -2 , 黑体 )*/
  41          
  42                                   0x00,0x00,0x00,0x00,0x00,0x00,0x00,0x00,0x00,0x01,0x03,0x03,0x06,0x0E,0x0C,0x1C,
  43                                                           0x18,0x30,0x70,0x7F,0x7F,0x00,0x00,0x00,0x00,0x00,0x00,0x00,0x00,0x00,0x00,0x00,
  44                                                           0x00,0x00,0x00,0x00,0x00,0x00,0x70,0xF0,0xF0,0xF0,0xF0,0x70,0x70,0x70,0x70,0x70,
  45                                                           0x70,0x70,0x70,0xFE,0xFE,0x70,0x70,0x70,0x70,0x70,0x70,0x00,0x00,0x00,0x00,0x00,/*"4",0*//* (16 X 3
             -2 , 黑体 )*/
  46          
  47                                   0x00,0x00,0x00,0x00,0x00,0x00,0x1F,0x1F,0x18,0x18,0x18,0x38,0x30,0x33,0x3F,0x3C,
  48                                                           0x30,0x00,0x00,0x00,0x00,0x70,0x70,0x70,0x38,0x3C,0x1F,0x07,0x00,0x00,0x00,0x00,
  49                                                           0x00,0x00,0x00,0x00,0x00,0x00,0xF8,0xF8,0x00,0x00,0x00,0x00,0x00,0xE0,0xF0,0x78,
  50                                                           0x38,0x1C,0x1C,0x1C,0x1C,0x1C,0x1C,0x18,0x38,0x70,0xF0,0xC0,0x00,0x00,0x00,0x00,/*"5",0*//* (16 X 3
C51 COMPILER V9.00   MAIN                                                                  09/21/2014 16:12:55 PAGE 2   

             -2 , 黑体 )*/
  51          
  52                                   0x00,0x00,0x00,0x00,0x00,0x00,0x01,0x07,0x0E,0x0C,0x1C,0x1C,0x38,0x39,0x3B,0x3E,
  53                                                           0x3C,0x38,0x38,0x38,0x38,0x38,0x18,0x1C,0x0E,0x07,0x03,0x00,0x00,0x00,0x00,0x00,
  54                                                           0x00,0x00,0x00,0x00,0x00,0x00,0xF0,0xF8,0x1C,0x0E,0x0E,0x00,0x00,0xF0,0xF8,0x3C,
  55                                                           0x1C,0x0E,0x0E,0x0E,0x0E,0x0E,0x0E,0x1C,0x3C,0xF8,0xF0,0x00,0x00,0x00,0x00,0x00,/*"6",0*//* (16 X 3
             -2 , 黑体 )*/
  56          
  57                                   0x00,0x00,0x00,0x00,0x00,0x00,0x3F,0x3F,0x00,0x00,0x00,0x00,0x00,0x00,0x00,0x00,
  58                                                           0x00,0x00,0x00,0x01,0x01,0x01,0x03,0x03,0x03,0x07,0x07,0x00,0x00,0x00,0x00,0x00,
  59                                                           0x00,0x00,0x00,0x00,0x00,0x00,0xFC,0xFC,0x1C,0x3C,0x38,0x38,0x38,0x70,0x70,0x70,
  60                                                           0xE0,0xE0,0xE0,0xC0,0xC0,0xC0,0x80,0x80,0x80,0x00,0x00,0x00,0x00,0x00,0x00,0x00,/*"7",0*//* (16 X 3
             -2 , 黑体 )*/
  61          
  62                                   0x00,0x00,0x00,0x00,0x00,0x00,0x07,0x0F,0x1C,0x38,0x38,0x38,0x38,0x38,0x1C,0x0F,
  63                                                           0x0F,0x3C,0x38,0x70,0x70,0x70,0x70,0x78,0x3C,0x1F,0x07,0x00,0x00,0x00,0x00,0x00,
  64                                                           0x00,0x00,0x00,0x00,0x00,0x00,0xC0,0xE0,0x70,0x38,0x38,0x38,0x38,0x38,0x70,0xE0,
  65                                                           0xE0,0x78,0x38,0x1C,0x1C,0x1C,0x1C,0x3C,0x78,0xF0,0xC0,0x00,0x00,0x00,0x00,0x00,/*"8",0*//* (16 X 3
             -2 , 黑体 )*/
  66          
  67                                   0x00,0x00,0x00,0x00,0x00,0x00,0x07,0x0F,0x1E,0x1C,0x38,0x38,0x38,0x38,0x38,0x3C,
  68                                                           0x1C,0x0F,0x07,0x00,0x00,0x00,0x38,0x38,0x1C,0x0F,0x07,0x00,0x00,0x00,0x00,0x00,
  69                                                           0x00,0x00,0x00,0x00,0x00,0x00,0xE0,0xF0,0x38,0x1C,0x0C,0x0E,0x0E,0x0E,0x0E,0x1E,
  70                                                           0x3E,0xEE,0xCE,0x0E,0x0E,0x1C,0x1C,0x38,0x78,0xF0,0xC0,0x00,0x00,0x00,0x00,0x00,/*"9",0*//* (16 X 3
             -2 , 黑体 )*/
  71          
  72                                   0x00,0x00,0x00,0x00,0x00,0x00,0x00,0x00,0x00,0x00,0x00,0x00,0x00,0x00,0x00,0x00,
  73                                                           0x00,0x00,0x00,0x00,0x00,0x00,0x00,0x00,0x1C,0x1C,0x1C,0x00,0x00,0x00,0x00,0x00,
  74                                                           0x00,0x00,0x00,0x00,0x00,0x00,0x00,0x00,0x00,0x00,0x00,0x00,0x00,0x00,0x00,0x00,
  75                                                           0x00,0x00,0x00,0x00,0x00,0x00,0x00,0x00,0x00,0x00,0x00,0x00,0x00,0x00,0x00,0x00};/*".",0*//* (16 X 
             -32 , 黑体 )*/
  76          
  77          
  78          
  79          unsigned  char bdata temp_flg,dis_flg;
  80          
  81          sbit  dis_all=temp_flg^6;
  82          sbit  dis_fresh=dis_flg^0;
  83          
  84          extern  uchar  lcd_dat;
  85          
  86          extern struct date
  87          {
  88          unsigned char hsec;
  89          unsigned char sec;
  90          }xtimer1,timer2,timer3,timer4,timer5,timer6,timer7,timer8;
  91          
  92          
  93          
  94          
  95          void init_timer0();
  96          void timer0();
  97          
  98          
  99          void init_timer1();
 100          void timer1();
 101          
 102          void LCD_Init();
 103          void LCD_Clear(uchar dat);
 104          
 105          void LCD_Write32x16Char1(uchar addx, uchar addy, uchar code *DData, uchar m);
 106          
C51 COMPILER V9.00   MAIN                                                                  09/21/2014 16:12:55 PAGE 3   

 107          void counter_init();
 108          
 109          void io_init()
 110          {
 111   1          P4SW=0xff;  
 112   1      } 
 113          
 114          
 115          uint ql;
 116          
 117          
 118          /* 主程序 */
 119          main()
 120          { 
 121   1      
 122   1      CLK_DIV=0X00;     //外部石英晶体时钟，不分频.
 123   1      ql=(PCON&0X10);   //上电初始化判定位
 124   1      if(ql==0X10)      //如果为上电复位，显示初始化并清屏
 125   1      {
 126   2      PCON=0X20;        //(PCON&&0XEF);
 127   2      LCD_Init();
 128   2      dis_all=1;
 129   2      
 130   2      }
 131   1      
 132   1      counter_init();
 133   1      
 134   1      io_init();                                                                                      
 135   1      
 136   1      IP|=0X80;
 137   1      dis_fresh=0;
 138   1      init_timer0();      //定时器0初始化，按键扫描，计时，动作时间控制
 139   1      init_timer1();      //显示控制
 140   1      
 141   1      
 142   1      while(1)
 143   1          {
 144   2                      if(dis_fresh==1)
 145   2                      {
 146   3                       
 147   3                       dis_fresh=0;
 148   3                       if(lcd_dat==1)
 149   3                       {
 150   4                       LCD_Write32x16Char1(240,11,numb,xtimer1.sec%10);
 151   4                       LCD_Write32x16Char1(2,12,numb,timer2.sec%10);
 152   4                       LCD_Write32x16Char1(48,18,numb,timer3.sec%10);
 153   4                       LCD_Write32x16Char1(66,18,numb,timer4.sec%10);
 154   4                       
 155   4                       LCD_Write32x16Char1(112,24,numb,timer5.sec%10);
 156   4                       LCD_Write32x16Char1(130,24,numb,timer6.sec%10);
 157   4                       LCD_Write32x16Char1(176,30,numb,timer7.sec%10);
 158   4                       LCD_Write32x16Char1(194,30,numb,timer8.sec%10);
 159   4                       
 160   4                       LCD_Write32x16Char1(236,11,numb,xtimer1.sec/10);
 161   4                       LCD_Write32x16Char1(254,11,numb,timer2.sec/10);
 162   4                       }
 163   3      
 164   3                       if(lcd_dat==2)
 165   3                       {
 166   4      
 167   4                       LCD_Write32x16Char1(44,18,numb,timer3.sec/10);
 168   4                       LCD_Write32x16Char1(62,18,numb,timer4.sec/10);
C51 COMPILER V9.00   MAIN                                                                  09/21/2014 16:12:55 PAGE 4   

 169   4      
 170   4                       LCD_Write32x16Char1(126,24,numb,timer5.sec/10);
 171   4                       LCD_Write32x16Char1(108,24,numb,timer6.sec/10);
 172   4      
 173   4                       LCD_Write32x16Char1(172,30,numb,timer7.sec/10);
 174   4                       LCD_Write32x16Char1(190,30,numb,timer8.sec/10);
 175   4      
 176   4                       LCD_Write32x16Char1(234,11,numb,xtimer1.hsec%10);
 177   4                       LCD_Write32x16Char1(252,11,numb,timer2.hsec%10);
 178   4      
 179   4                       LCD_Write32x16Char1(42,18,numb,timer3.hsec%10);
 180   4                       LCD_Write32x16Char1(60,18,numb,timer4.hsec%10);
 181   4      
 182   4                       }
 183   3      
 184   3                       if(lcd_dat==3)
 185   3                       {
 186   4      
 187   4                       LCD_Write32x16Char1(106,24,numb,timer5.hsec%10);
 188   4                       LCD_Write32x16Char1(124,24,numb,timer6.hsec%10);
 189   4      
 190   4      
 191   4                       LCD_Write32x16Char1(170,30,numb,timer7.hsec%10);
 192   4                       LCD_Write32x16Char1(188,30,numb,timer8.hsec%10);
 193   4      
 194   4      
 195   4                   LCD_Write32x16Char1(232,11,numb,xtimer1.hsec/10);
 196   4                       LCD_Write32x16Char1(250,11,numb,timer2.hsec/10);
 197   4      
 198   4                       LCD_Write32x16Char1(40,18,numb,timer3.hsec/10);
 199   4                       LCD_Write32x16Char1(58,18,numb,timer4.hsec/10);
 200   4      
 201   4               LCD_Write32x16Char1(104,24,numb,timer5.hsec/10);
 202   4                       LCD_Write32x16Char1(122,24,numb,timer6.hsec/10);
 203   4      
 204   4                       }
 205   3      
 206   3                       if(lcd_dat==4)
 207   3                       {
 208   4      
 209   4                       LCD_Write32x16Char1(168,30,numb,timer7.hsec/10);
 210   4                       LCD_Write32x16Char1(186,30,numb,timer8.hsec/10);
 211   4      
 212   4      
 213   4                       LCD_Write32x16Char1(238,11,numb,10);
 214   4                       LCD_Write32x16Char1(0,12,numb,10);
 215   4                       LCD_Write32x16Char1(46,18,numb,10);       
 216   4                       LCD_Write32x16Char1(64,18,numb,10);
 217   4                       LCD_Write32x16Char1(110,24,numb,10);       
 218   4                       LCD_Write32x16Char1(128,24,numb,10);
 219   4                       LCD_Write32x16Char1(174,30,numb,10);           
 220   4                       LCD_Write32x16Char1(192,30,numb,10);
 221   4              
 222   4      
 223   4      
 224   4              WriteCommand(0x46);
 225   4              WriteData(0x10);
 226   4              WriteData(0x26);
 227   4      
 228   4         }
 229   3         
 230   3      
C51 COMPILER V9.00   MAIN                                                                  09/21/2014 16:12:55 PAGE 5   

 231   3         }
 232   2         
 233   2                                          
 234   2          }
 235   1      }
 236          


MODULE INFORMATION:   STATIC OVERLAYABLE
   CODE SIZE        =    842    ----
   CONSTANT SIZE    =    704    ----
   XDATA SIZE       =   ----    ----
   PDATA SIZE       =   ----    ----
   DATA SIZE        =      4    ----
   IDATA SIZE       =   ----    ----
   BIT SIZE         =   ----    ----
END OF MODULE INFORMATION.


C51 COMPILATION COMPLETE.  0 WARNING(S),  0 ERROR(S)
