C51 COMPILER V9.00   TIMER0                                                                09/21/2014 19:25:48 PAGE 1   


C51 COMPILER V9.00, COMPILATION OF MODULE TIMER0
OBJECT MODULE PLACED IN timer0.OBJ
COMPILER INVOKED BY: C:\Keil\C51\BIN\C51.EXE timer0.c BROWSE DEBUG OBJECTEXTEND

line level    source

   1          #include <STC12C5A.h>
   2          #include <absacc.h>
   3          #include <intrins.h>
   4          #include <math.h>
   5          #include <string.h>
   6          
   7          
   8          #define uchar unsigned char     
   9          #define uint unsigned int
  10          #define ulong unsigned long
  11          
  12          #define WAVE_LEN 45
  13          
  14          void key_scan(void);
  15          void motor_control(void);
  16          
  17          extern struct date
  18          {
  19          unsigned char hsec;
  20          unsigned char sec;
  21          }xtimer1,timer2,timer3,timer4,timer5,timer6,timer7,timer8;
  22          
  23          extern unsigned char counter1_sec,counter2_sec,counter3_sec,counter4_sec,counter5_sec,counter6_sec,counter
             -7_sec,counter8_sec;
  24          
  25          uchar lcd_dat;
  26          
  27          
  28          
  29          sbit    LED=P5^3;
  30          sbit    LED1=P5^2;
  31          extern  bit  dis_fresh;
  32          /*
  33          sbit xoutput1;
  34          extern bit xoutput2;
  35          extern bit xoutput3;
  36          extern bit xoutput4;
  37          extern bit xoutput5;
  38          extern bit xoutput6;
  39          extern bit xoutput7;
  40          extern bit xoutput8;
  41          */
  42          
  43          sbit xoutput1 = P1^0;
  44          sbit xoutput2 = P1^1;
  45          sbit xoutput3 = P1^2;
  46          sbit xoutput4 = P1^3;
  47          sbit xoutput5 = P1^4;
  48          sbit xoutput6 = P1^5;
  49          sbit xoutput7 = P1^6;
  50          sbit xoutput8 = P1^7;
  51          
  52          extern bit enable_timer1;
  53          extern bit enable_timer2;
  54          extern bit enable_timer3;
C51 COMPILER V9.00   TIMER0                                                                09/21/2014 19:25:48 PAGE 2   

  55          extern bit enable_timer4;
  56          extern bit enable_timer5;
  57          extern bit enable_timer6;
  58          extern bit enable_timer7;
  59          extern bit enable_timer8;
  60          
  61          extern bit enable_counter1;
  62          extern bit enable_counter2;
  63          extern bit enable_counter3;
  64          extern bit enable_counter4;
  65          extern bit enable_counter5;
  66          extern bit enable_counter6;
  67          extern bit enable_counter7;
  68          extern bit enable_counter8;
  69          
  70          
  71          void init_timer0()
  72          {
  73   1         P4SW=0xff;
  74   1         TMOD|=0X01;
  75   1         TH0=0x3C;                            //如果时间要完全精确，需用12MHZ的晶振，25ms定时
  76   1         TL0=0xB0;
  77   1         EA=1;
  78   1         ET0=1;
  79   1         //TR0=1;
  80   1      }
  81          
  82          void timer0() interrupt 1 using 1
  83          {
  84   1         
  85   1         unsigned char num,num1;
  86   1         CLK_DIV=0X00;
  87   1         TH0=0x3C;                            //如果时间要完全精确，需用12MHZ的晶振,25ms定时
  88   1         TL0=0xB0;
  89   1         num++;
  90   1         num1++;
  91   1         lcd_dat++;
  92   1         key_scan();             //按键扫描
  93   1         
  94   1                if(num==2)
  95   1             {
  96   2                   LED=0;                                //     输出方波
  97   2                 }
  98   1      
  99   1             if(num==4)       //100ms计时+
 100   1             { 
 101   2               LED=1;
 102   2      
 103   2      //timer 计数，用于显示
 104   2                              if(enable_timer1){
 105   3                                      if(++xtimer1.sec>=100){xtimer1.sec=0;xtimer1.hsec++;}
 106   3                                      if(xtimer1.hsec>=100){xtimer1.hsec=0;}
 107   3                              }
 108   2      
 109   2                              if(enable_timer2){
 110   3                                      if(++timer2.sec>=100){timer2.sec=0;timer2.hsec++;}
 111   3                                      if(timer2.hsec>=100){timer2.hsec=0;}
 112   3                              }
 113   2      
 114   2                              if(enable_timer3){
 115   3                                      if(++timer3.sec>=100){timer3.sec=0;timer3.hsec++;}
 116   3                                      if(timer3.hsec>=100){timer3.hsec=0;}
C51 COMPILER V9.00   TIMER0                                                                09/21/2014 19:25:48 PAGE 3   

 117   3                              }
 118   2      
 119   2                              if(enable_timer4){
 120   3                                      if(++timer4.sec>=100){timer4.sec=0;timer4.hsec++;}
 121   3                                      if(timer4.hsec>=100){timer4.hsec=0;}
 122   3                              }
 123   2      
 124   2                              if(enable_timer5){
 125   3                                      if(++timer5.sec>=100){timer5.sec=0;timer5.hsec++;}
 126   3                                      if(timer5.hsec>=100){timer5.hsec=0;}
 127   3                              }
 128   2      
 129   2                              if(enable_timer6){
 130   3                                      if(++timer6.sec>=100){timer6.sec=0;timer6.hsec++;}
 131   3                                      if(timer6.hsec>=100){timer6.hsec=0;}
 132   3                              }
 133   2      
 134   2                              if(enable_timer7){
 135   3                                      if(++timer7.sec>=100){timer7.sec=0;timer7.hsec++;}
 136   3                                      if(timer7.hsec>=100){timer7.hsec=0;}
 137   3                              }
 138   2      
 139   2                              if(enable_timer8){
 140   3                                      if(++timer8.sec>=100){timer8.sec=0;timer8.hsec++;}
 141   3                                      if(timer8.hsec>=100){timer8.hsec=0;}
 142   3                              }
 143   2      
 144   2      //counter 计数，用于输出波形
 145   2                              if(enable_counter1){
 146   3                                      if(++counter1_sec>=WAVE_LEN){
 147   4                                      counter1_sec = 0;
 148   4                                      enable_counter1 = 0;
 149   4                                      xoutput1 = 1;
 150   4                                      }
 151   3                              }
 152   2      
 153   2                              if(enable_counter2){
 154   3                                      if(++counter2_sec>=WAVE_LEN){
 155   4                                      counter2_sec = 0;
 156   4                                      enable_counter2 = 0;
 157   4                                      xoutput2 = 1;
 158   4                                      }
 159   3                              }
 160   2      
 161   2                              if(enable_counter3){
 162   3                                      if(++counter3_sec>=WAVE_LEN){
 163   4                                      counter3_sec = 0;
 164   4                                      enable_counter3 = 0;
 165   4                                      xoutput3 = 1;
 166   4                                      }
 167   3                              }
 168   2      
 169   2                              if(enable_counter4){
 170   3                                      if(++counter4_sec>=WAVE_LEN){
 171   4                                      counter4_sec = 0;
 172   4                                      enable_counter4 = 0;
 173   4                                      xoutput4 = 1;
 174   4                                      }
 175   3                              }
 176   2      
 177   2                              if(enable_counter5){
 178   3                                      if(++counter5_sec>=WAVE_LEN){
C51 COMPILER V9.00   TIMER0                                                                09/21/2014 19:25:48 PAGE 4   

 179   4                                      counter5_sec = 0;
 180   4                                      enable_counter5 = 0;
 181   4                                      xoutput5 = 1;
 182   4                                      }
 183   3                              }
 184   2      
 185   2                              if(enable_counter6){
 186   3                                      if(++counter6_sec>=WAVE_LEN){
 187   4                                      counter6_sec = 0;
 188   4                                      enable_counter6 = 0;
 189   4                                      xoutput6 = 1;
 190   4                                      }
 191   3                              }
 192   2      
 193   2                              if(enable_counter7){
 194   3                                      if(++counter7_sec>=WAVE_LEN){
 195   4                                      counter7_sec = 0;
 196   4                                      enable_counter7 = 0;
 197   4                                      xoutput7 = 1;
 198   4                                      }
 199   3                              }
 200   2      
 201   2                              if(enable_counter8){
 202   3                                      if(++counter8_sec>=WAVE_LEN){
 203   4                                      counter8_sec = 0;
 204   4                                      enable_counter8 = 0;
 205   4                                      xoutput8 = 1;
 206   4                                      }
 207   3                              }
 208   2      
 209   2                 num=0;
 210   2      
 211   2                               
 212   2                        
 213   2           }
 214   1      
 215   1               if(num1==20)
 216   1             {
 217   2                   LED1=0;
 218   2                 }
 219   1      
 220   1             if(num1==40)       //
 221   1             { 
 222   2               LED1=1;
 223   2                       num1=0;
 224   2                       }
 225   1      
 226   1      
 227   1              dis_fresh=1;     
 228   1              if(lcd_dat>=5)
 229   1              {lcd_dat=1;}       
 230   1                
 231   1      }
 232          
 233          


MODULE INFORMATION:   STATIC OVERLAYABLE
   CODE SIZE        =    477    ----
   CONSTANT SIZE    =   ----    ----
   XDATA SIZE       =   ----    ----
   PDATA SIZE       =   ----    ----
C51 COMPILER V9.00   TIMER0                                                                09/21/2014 19:25:48 PAGE 5   

   DATA SIZE        =      1       2
   IDATA SIZE       =   ----    ----
   BIT SIZE         =   ----    ----
END OF MODULE INFORMATION.


C51 COMPILATION COMPLETE.  0 WARNING(S),  0 ERROR(S)
